// Vitest Snapshot v1, https://vitest.dev/guide/snapshot.html

exports[`bounce > lets content go beyond edges while dragging and returns after release 1`] = `
[
  [
    -60.708,
    -30.354,
  ],
  [
    -36.854,
    -18.427,
  ],
  [
    -22.373,
    -11.187,
  ],
  [
    -13.582,
    -6.791,
  ],
  [
    -8.245,
    -4.123,
  ],
  [
    -5.006,
    -2.503,
  ],
  [
    -3.039,
    -1.519,
  ],
  [
    -1.845,
    -0.922,
  ],
  [
    -1.12,
    -0.56,
  ],
  [
    -0.68,
    -0.34,
  ],
  [
    -0.413,
    -0.206,
  ],
  [
    -0.251,
    -0.125,
  ],
  [
    -0.152,
    -0.076,
  ],
  [
    0,
    0,
  ],
  [
    0,
    0,
  ],
  [
    0,
    0,
  ],
  [
    0,
    0,
  ],
  [
    0,
    0,
  ],
  [
    0,
    0,
  ],
  [
    0,
    0,
  ],
]
`;

exports[`inertia > matches recorded trajectory 1`] = `
[
  [
    184.911,
    92.455,
  ],
  [
    251.427,
    125.714,
  ],
  [
    302.897,
    151.448,
  ],
  [
    342.723,
    171.361,
  ],
  [
    373.539,
    186.77,
  ],
  [
    397.385,
    198.692,
  ],
  [
    415.836,
    207.918,
  ],
  [
    430.113,
    215.056,
  ],
  [
    441.16,
    220.58,
  ],
  [
    449.708,
    224.854,
  ],
  [
    456.323,
    228.161,
  ],
  [
    461.441,
    230.72,
  ],
  [
    465.401,
    232.701,
  ],
  [
    468.465,
    234.233,
  ],
  [
    470.837,
    235.418,
  ],
  [
    472.671,
    236.336,
  ],
  [
    474.091,
    237.046,
  ],
  [
    475.19,
    237.595,
  ],
  [
    476.04,
    238.02,
  ],
  [
    476.697,
    238.349,
  ],
]
`;
