// Vitest Snapshot v1, https://vitest.dev/guide/snapshot.html

exports[`bounce > lets content go beyond edges while dragging and returns after release 1`] = `
[
  [
    -28.216,
    -15.293,
  ],
  [
    -17.129,
    -9.284,
  ],
  [
    -10.399,
    -5.636,
  ],
  [
    -6.313,
    -3.421,
  ],
  [
    -3.832,
    -2.077,
  ],
  [
    -2.327,
    -1.261,
  ],
  [
    -1.412,
    -0.765,
  ],
  [
    -0.857,
    -0.465,
  ],
  [
    -0.521,
    -0.282,
  ],
  [
    -0.316,
    -0.171,
  ],
  [
    -0.192,
    -0.104,
  ],
  [
    -0.116,
    -0.063,
  ],
  [
    0,
    0,
  ],
  [
    0,
    0,
  ],
  [
    0,
    0,
  ],
  [
    0,
    0,
  ],
  [
    0,
    0,
  ],
  [
    0,
    0,
  ],
  [
    0,
    0,
  ],
  [
    0,
    0,
  ],
]
`;

exports[`inertia > matches recorded trajectory 1`] = `
[
  [
    184.911,
    92.455,
  ],
  [
    251.427,
    125.714,
  ],
  [
    302.897,
    151.448,
  ],
  [
    342.723,
    171.361,
  ],
  [
    373.539,
    186.77,
  ],
  [
    397.385,
    198.692,
  ],
  [
    415.836,
    207.918,
  ],
  [
    430.113,
    215.056,
  ],
  [
    441.16,
    220.58,
  ],
  [
    449.708,
    224.854,
  ],
  [
    456.323,
    228.161,
  ],
  [
    461.441,
    230.72,
  ],
  [
    465.401,
    232.701,
  ],
  [
    468.465,
    234.233,
  ],
  [
    470.837,
    235.418,
  ],
  [
    472.671,
    236.336,
  ],
  [
    474.091,
    237.046,
  ],
  [
    475.19,
    237.595,
  ],
  [
    476.04,
    238.02,
  ],
  [
    476.697,
    238.349,
  ],
]
`;
