// Vitest Snapshot v1, https://vitest.dev/guide/snapshot.html

exports[`scrollTo > smoothly scrolls to target and stops 1`] = `
[
  [
    109.27,
    54.635,
  ],
  [
    158.841,
    79.42,
  ],
  [
    181.328,
    90.664,
  ],
  [
    191.53,
    95.765,
  ],
  [
    196.157,
    98.079,
  ],
  [
    198.257,
    99.128,
  ],
  [
    199.209,
    99.605,
  ],
  [
    199.641,
    99.821,
  ],
  [
    199.837,
    99.919,
  ],
  [
    199.881,
    99.941,
  ],
  [
    199.881,
    99.941,
  ],
  [
    199.881,
    99.941,
  ],
]
`;
